%!Adobe-FontList 1.22
%Locale:0x409

%BeginFont
Handler:DirectoryHandler
FontType:Type1
FontName:Autography
FamilyName:Autography
StyleName:Regular
FullName:Autography
MenuName:Autography
StyleBits:0
WritingScript:Roman
OutlineFileName:C:\Users\nguye\Desktop\Live\Font\Autography.otf
DataFormat:sfntData
UsesStandardEncoding:yes
isCFF:yes
hasSVG:no
VariableFontType:NonVariableFont
FileLength:52396
FileModTime:1583190962
WeightClass:400
WidthClass:5
AngleClass:0
NameArray:0,Mac,4,Autography
NameArray:0,Win,1,Autography
%EndFont

%BeginFont
Handler:DirectoryHandler
FontType:TrueType
FontName:Lovely-Home
FamilyName:Lovely Home
StyleName:Regular
FullName:Lovely Home
MenuName:Lovely Home
StyleBits:0
WritingScript:Roman
OutlineFileName:C:\Users\nguye\Desktop\Live\Font\LovelyHome-9aBZ.ttf
DataFormat:sfntData
hasSVG:no
VariableFontType:NonVariableFont
FileLength:56528
FileModTime:1578024022
WeightClass:400
WidthClass:5
AngleClass:0
NameArray:0,Mac,18,Lovely Home
NameArray:0,Mac,4,Lovely Home
NameArray:0,Win,1,Lovely Home
%EndFont

%BeginFont
Handler:DirectoryHandler
FontType:TrueType
FontName:TruflaWords
FamilyName:Trufla Words
StyleName:Regular
FullName:Trufla Words
MenuName:Trufla Words
StyleBits:0
WritingScript:Roman
OutlineFileName:C:\Users\nguye\Desktop\Live\Font\Trufla_Words.ttf
DataFormat:sfntData
hasSVG:no
VariableFontType:NonVariableFont
FileLength:155692
FileModTime:1468991842
WeightClass:400
WidthClass:5
AngleClass:0
NameArray:0,Mac,4,Trufla Words
NameArray:0,Win,1,Trufla Words
%EndFont

%BeginFont
Handler:DirectoryHandler
FontType:TrueType
FontName:Astra
FamilyName:Astra
StyleName:Regular
FullName:Astra
MenuName:Astra
StyleBits:0
FamilyNameNative:Astra
StyleNameNative:Regular
FullNameNative:Astra Regular
WritingScript:Korean
OutlineFileName:C:\Users\nguye\Desktop\Live\Font\astra.ttf
DataFormat:sfntData
hasSVG:no
VariableFontType:NonVariableFont
FileLength:3228
FileModTime:1597016510
WeightClass:400
WidthClass:5
AngleClass:0
NameArray:0,Mac,4,Astra
NameArray:0,Win,1,Astra
%EndFont

%BeginFont
Handler:DirectoryHandler
FontType:Invalid
OutlineFileName:C:\Users\nguye\Desktop\Live\Font\astra.woff
FileModTime:1597016476
%EndFont

%BeginFont
Handler:DirectoryHandler
FontType:Invalid
OutlineFileName:C:\Users\nguye\Desktop\Live\Font\hello_olivia.zip
FileModTime:1605762597
%EndFont

%BeginFont
Handler:DirectoryHandler
FontType:Invalid
OutlineFileName:C:\Users\nguye\Desktop\Live\Font\hello_olivia\FREE LOGO.png
FileModTime:1598463408
%EndFont

%BeginFont
Handler:DirectoryHandler
FontType:TrueType
FontName:HelloOlivia-Italic
FamilyName:Hello Olivia
StyleName:Italic
FullName:Hello Olivia Italic
MenuName:Hello Olivia Italic
StyleBits:0
WritingScript:Roman
OutlineFileName:C:\Users\nguye\Desktop\Live\Font\hello_olivia\Hello Olivia Italic.otf
DataFormat:sfntData
hasSVG:no
VariableFontType:NonVariableFont
FileLength:119952
FileModTime:1598329696
WeightClass:400
WidthClass:5
AngleClass:0
NameArray:0,Win,1,Hello Olivia Italic
NameArray:0,Win,16,Hello Olivia
%EndFont

%BeginFont
Handler:DirectoryHandler
FontType:TrueType
FontName:HelloOlivia-Italic
FamilyName:Hello Olivia
StyleName:Italic
FullName:Hello Olivia Italic
MenuName:Hello Olivia Italic
StyleBits:0
WritingScript:Roman
OutlineFileName:C:\Users\nguye\Desktop\Live\Font\hello_olivia\Hello Olivia Italic.ttf
DataFormat:sfntData
hasSVG:no
VariableFontType:NonVariableFont
FileLength:119952
FileModTime:1598329680
WeightClass:400
WidthClass:5
AngleClass:0
NameArray:0,Win,1,Hello Olivia Italic
NameArray:0,Win,16,Hello Olivia
%EndFont

%BeginFont
Handler:DirectoryHandler
FontType:Invalid
OutlineFileName:C:\Users\nguye\Desktop\Live\Font\hello_olivia\Hello Olivia Italic.woff
FileModTime:1598329664
%EndFont

%BeginFont
Handler:DirectoryHandler
FontType:Invalid
OutlineFileName:C:\Users\nguye\Desktop\Live\Font\hello_olivia\Hello Olivia Italic.woff2
FileModTime:1598329664
%EndFont

%BeginFont
Handler:DirectoryHandler
FontType:TrueType
FontName:HelloOlivia
FamilyName:Hello Olivia
StyleName:Regular
FullName:Hello Olivia
MenuName:Hello Olivia
StyleBits:0
WritingScript:Roman
OutlineFileName:C:\Users\nguye\Desktop\Live\Font\hello_olivia\Hello Olivia.otf
DataFormat:sfntData
hasSVG:no
VariableFontType:NonVariableFont
FileLength:283452
FileModTime:1598329382
WeightClass:400
WidthClass:5
AngleClass:0
NameArray:0,Win,1,Hello Olivia
%EndFont

%BeginFont
Handler:DirectoryHandler
FontType:TrueType
FontName:HelloOlivia
FamilyName:Hello Olivia
StyleName:Regular
FullName:Hello Olivia
MenuName:Hello Olivia
StyleBits:0
WritingScript:Roman
OutlineFileName:C:\Users\nguye\Desktop\Live\Font\hello_olivia\Hello Olivia.ttf
DataFormat:sfntData
hasSVG:no
VariableFontType:NonVariableFont
FileLength:283452
FileModTime:1598329402
WeightClass:400
WidthClass:5
AngleClass:0
NameArray:0,Win,1,Hello Olivia
%EndFont

%BeginFont
Handler:DirectoryHandler
FontType:Invalid
OutlineFileName:C:\Users\nguye\Desktop\Live\Font\hello_olivia\Hello Olivia.woff
FileModTime:1598329368
%EndFont

%BeginFont
Handler:DirectoryHandler
FontType:Invalid
OutlineFileName:C:\Users\nguye\Desktop\Live\Font\hello_olivia\Hello Olivia.woff2
FileModTime:1598329368
%EndFont

%BeginFont
Handler:DirectoryHandler
FontType:Invalid
OutlineFileName:C:\Users\nguye\Desktop\Live\Font\hello_olivia\More Info.txt
FileModTime:1598734710
%EndFont

